apr 27, 2026 6:03:04 PM util.LogManager error
SEVERE: Impossibile aprire il popup di ricerca PT
javafx.fxml.LoadException: No controller specified.
/Z:/Universit%c3%a0/ISPW/Progetto%20ISPW/out/production/Progetto%20ISPW/view/ClienteRicercaPT.fxml:32

	at javafx.fxml@25.0.2/javafx.fxml.FXMLLoader.constructLoadException(FXMLLoader.java:2688)
	at javafx.fxml@25.0.2/javafx.fxml.FXMLLoader$Element.getControllerMethodHandle(FXMLLoader.java:557)
	at javafx.fxml@25.0.2/javafx.fxml.FXMLLoader$Element.processEventHandlerAttributes(FXMLLoader.java:599)
	at javafx.fxml@25.0.2/javafx.fxml.FXMLLoader$ValueElement.processEndElement(FXMLLoader.java:770)
	at javafx.fxml@25.0.2/javafx.fxml.FXMLLoader.processEndElement(FXMLLoader.java:2939)
	at javafx.fxml@25.0.2/javafx.fxml.FXMLLoader.loadImpl(FXMLLoader.java:2624)
	at javafx.fxml@25.0.2/javafx.fxml.FXMLLoader.loadImpl(FXMLLoader.java:2533)
	at javafx.fxml@25.0.2/javafx.fxml.FXMLLoader.load(FXMLLoader.java:2503)
	at view.ClienteDashboardBoundary.apriRicercaPT(ClienteDashboardBoundary.java:202)
	at java.base/jdk.internal.reflect.DirectMethodHandleAccessor.invoke(DirectMethodHandleAccessor.java:104)
	at java.base/java.lang.reflect.Method.invoke(Method.java:565)
	at com.sun.javafx.reflect.Trampoline.invoke(MethodUtil.java:65)
	at java.base/jdk.internal.reflect.DirectMethodHandleAccessor.invoke(DirectMethodHandleAccessor.java:104)
	at java.base/java.lang.reflect.Method.invoke(Method.java:565)
	at javafx.base@25.0.2/com.sun.javafx.reflect.MethodUtil.invoke(MethodUtil.java:112)
	at javafx.fxml@25.0.2/com.sun.javafx.fxml.MethodHelper.invoke(MethodHelper.java:78)
	at javafx.fxml@25.0.2/javafx.fxml.FXMLLoader$MethodHandler.invoke(FXMLLoader.java:1847)
	at javafx.fxml@25.0.2/javafx.fxml.FXMLLoader$ControllerMethodEventHandler.handle(FXMLLoader.java:1718)
	at javafx.base@25.0.2/com.sun.javafx.event.CompositeEventHandler.dispatchBubblingEvent(CompositeEventHandler.java:86)
	at javafx.base@25.0.2/com.sun.javafx.event.EventHandlerManager.dispatchBubblingEvent(EventHandlerManager.java:232)
	at javafx.base@25.0.2/com.sun.javafx.event.EventHandlerManager.dispatchBubblingEvent(EventHandlerManager.java:189)
	at javafx.base@25.0.2/com.sun.javafx.event.CompositeEventDispatcher.dispatchBubblingEvent(CompositeEventDispatcher.java:59)
	at javafx.base@25.0.2/com.sun.javafx.event.BasicEventDispatcher.dispatchEvent(BasicEventDispatcher.java:58)
	at javafx.base@25.0.2/com.sun.javafx.event.EventDispatchChainImpl.dispatchEvent(EventDispatchChainImpl.java:114)
	at javafx.base@25.0.2/com.sun.javafx.event.BasicEventDispatcher.dispatchEvent(BasicEventDispatcher.java:56)
	at javafx.base@25.0.2/com.sun.javafx.event.EventDispatchChainImpl.dispatchEvent(EventDispatchChainImpl.java:114)
	at javafx.base@25.0.2/com.sun.javafx.event.BasicEventDispatcher.dispatchEvent(BasicEventDispatcher.java:56)
	at javafx.base@25.0.2/com.sun.javafx.event.EventDispatchChainImpl.dispatchEvent(EventDispatchChainImpl.java:114)
	at javafx.base@25.0.2/com.sun.javafx.event.BasicEventDispatcher.dispatchEvent(BasicEventDispatcher.java:56)
	at javafx.base@25.0.2/com.sun.javafx.event.EventDispatchChainImpl.dispatchEvent(EventDispatchChainImpl.java:114)
	at javafx.base@25.0.2/com.sun.javafx.event.BasicEventDispatcher.dispatchEvent(BasicEventDispatcher.java:56)
	at javafx.base@25.0.2/com.sun.javafx.event.EventDispatchChainImpl.dispatchEvent(EventDispatchChainImpl.java:114)
	at javafx.base@25.0.2/com.sun.javafx.event.EventUtil.fireEventImpl(EventUtil.java:74)
	at javafx.base@25.0.2/com.sun.javafx.event.EventUtil.fireEvent(EventUtil.java:54)
	at javafx.base@25.0.2/javafx.event.Event.fireEvent(Event.java:199)
	at javafx.graphics@25.0.2/javafx.scene.Scene$ClickGenerator.postProcess(Scene.java:3765)
	at javafx.graphics@25.0.2/javafx.scene.Scene$MouseHandler.process(Scene.java:4070)
	at javafx.graphics@25.0.2/javafx.scene.Scene.processMouseEvent(Scene.java:1947)
	at javafx.graphics@25.0.2/javafx.scene.Scene$ScenePeerListener.mouseEvent(Scene.java:2784)
	at javafx.graphics@25.0.2/com.sun.javafx.tk.quantum.GlassViewEventHandler$MouseEventNotification.get(GlassViewEventHandler.java:353)
	at javafx.graphics@25.0.2/com.sun.javafx.tk.quantum.GlassViewEventHandler$MouseEventNotification.get(GlassViewEventHandler.java:255)
	at javafx.graphics@25.0.2/com.sun.javafx.tk.quantum.QuantumToolkit.runWithoutRenderLock(QuantumToolkit.java:424)
	at javafx.graphics@25.0.2/com.sun.javafx.tk.quantum.GlassViewEventHandler.handleMouseEvent(GlassViewEventHandler.java:387)
	at javafx.graphics@25.0.2/com.sun.glass.ui.View.handleMouseEvent(View.java:573)
	at javafx.graphics@25.0.2/com.sun.glass.ui.View.notifyMouse(View.java:975)
	at javafx.graphics@25.0.2/com.sun.glass.ui.win.WinApplication._runLoop(Native Method)
	at javafx.graphics@25.0.2/com.sun.glass.ui.win.WinApplication.lambda$runLoop$0(WinApplication.java:173)
	at java.base/java.lang.Thread.run(Thread.java:1474)

apr 27, 2026 6:03:07 PM util.LogManager error
SEVERE: ERRORE NAVIGATORE: Impossibile caricare /view/ClienteRicercaPT.fxml
javafx.fxml.LoadException: No controller specified.
/Z:/Universit%c3%a0/ISPW/Progetto%20ISPW/out/production/Progetto%20ISPW/view/ClienteRicercaPT.fxml:32

	at javafx.fxml@25.0.2/javafx.fxml.FXMLLoader.constructLoadException(FXMLLoader.java:2688)
	at javafx.fxml@25.0.2/javafx.fxml.FXMLLoader$Element.getControllerMethodHandle(FXMLLoader.java:557)
	at javafx.fxml@25.0.2/javafx.fxml.FXMLLoader$Element.processEventHandlerAttributes(FXMLLoader.java:599)
	at javafx.fxml@25.0.2/javafx.fxml.FXMLLoader$ValueElement.processEndElement(FXMLLoader.java:770)
	at javafx.fxml@25.0.2/javafx.fxml.FXMLLoader.processEndElement(FXMLLoader.java:2939)
	at javafx.fxml@25.0.2/javafx.fxml.FXMLLoader.loadImpl(FXMLLoader.java:2624)
	at javafx.fxml@25.0.2/javafx.fxml.FXMLLoader.loadImpl(FXMLLoader.java:2533)
	at javafx.fxml@25.0.2/javafx.fxml.FXMLLoader.load(FXMLLoader.java:2503)
	at view.Navigator.pushScene(Navigator.java:24)
	at view.NoPTBoundary.vaiAssociaPT(NoPTBoundary.java:62)
	at java.base/jdk.internal.reflect.DirectMethodHandleAccessor.invoke(DirectMethodHandleAccessor.java:104)
	at java.base/java.lang.reflect.Method.invoke(Method.java:565)
	at com.sun.javafx.reflect.Trampoline.invoke(MethodUtil.java:65)
	at java.base/jdk.internal.reflect.DirectMethodHandleAccessor.invoke(DirectMethodHandleAccessor.java:104)
	at java.base/java.lang.reflect.Method.invoke(Method.java:565)
	at javafx.base@25.0.2/com.sun.javafx.reflect.MethodUtil.invoke(MethodUtil.java:112)
	at javafx.fxml@25.0.2/com.sun.javafx.fxml.MethodHelper.invoke(MethodHelper.java:78)
	at javafx.fxml@25.0.2/javafx.fxml.FXMLLoader$MethodHandler.invoke(FXMLLoader.java:1845)
	at javafx.fxml@25.0.2/javafx.fxml.FXMLLoader$ControllerMethodEventHandler.handle(FXMLLoader.java:1718)
	at javafx.base@25.0.2/com.sun.javafx.event.CompositeEventHandler.dispatchBubblingEvent(CompositeEventHandler.java:86)
	at javafx.base@25.0.2/com.sun.javafx.event.EventHandlerManager.dispatchBubblingEvent(EventHandlerManager.java:232)
	at javafx.base@25.0.2/com.sun.javafx.event.EventHandlerManager.dispatchBubblingEvent(EventHandlerManager.java:189)
	at javafx.base@25.0.2/com.sun.javafx.event.CompositeEventDispatcher.dispatchBubblingEvent(CompositeEventDispatcher.java:59)
	at javafx.base@25.0.2/com.sun.javafx.event.BasicEventDispatcher.dispatchEvent(BasicEventDispatcher.java:58)
	at javafx.base@25.0.2/com.sun.javafx.event.EventDispatchChainImpl.dispatchEvent(EventDispatchChainImpl.java:114)
	at javafx.base@25.0.2/com.sun.javafx.event.BasicEventDispatcher.dispatchEvent(BasicEventDispatcher.java:56)
	at javafx.base@25.0.2/com.sun.javafx.event.EventDispatchChainImpl.dispatchEvent(EventDispatchChainImpl.java:114)
	at javafx.base@25.0.2/com.sun.javafx.event.BasicEventDispatcher.dispatchEvent(BasicEventDispatcher.java:56)
	at javafx.base@25.0.2/com.sun.javafx.event.EventDispatchChainImpl.dispatchEvent(EventDispatchChainImpl.java:114)
	at javafx.base@25.0.2/com.sun.javafx.event.EventUtil.fireEventImpl(EventUtil.java:74)
	at javafx.base@25.0.2/com.sun.javafx.event.EventUtil.fireEvent(EventUtil.java:49)
	at javafx.base@25.0.2/javafx.event.Event.fireEvent(Event.java:199)
	at javafx.graphics@25.0.2/javafx.scene.Node.fireEvent(Node.java:9067)
	at javafx.controls@25.0.2/javafx.scene.control.Button.fire(Button.java:203)
	at javafx.controls@25.0.2/com.sun.javafx.scene.control.behavior.ButtonBehavior.mouseReleased(ButtonBehavior.java:207)
	at javafx.controls@25.0.2/com.sun.javafx.scene.control.inputmap.InputMap.handle(InputMap.java:274)
	at javafx.base@25.0.2/com.sun.javafx.event.CompositeEventHandler$NormalEventHandlerRecord.handleBubblingEvent(CompositeEventHandler.java:247)
	at javafx.base@25.0.2/com.sun.javafx.event.CompositeEventHandler.dispatchBubblingEvent(CompositeEventHandler.java:80)
	at javafx.base@25.0.2/com.sun.javafx.event.EventHandlerManager.dispatchBubblingEvent(EventHandlerManager.java:232)
	at javafx.base@25.0.2/com.sun.javafx.event.EventHandlerManager.dispatchBubblingEvent(EventHandlerManager.java:189)
	at javafx.base@25.0.2/com.sun.javafx.event.CompositeEventDispatcher.dispatchBubblingEvent(CompositeEventDispatcher.java:59)
	at javafx.base@25.0.2/com.sun.javafx.event.BasicEventDispatcher.dispatchEvent(BasicEventDispatcher.java:58)
	at javafx.base@25.0.2/com.sun.javafx.event.EventDispatchChainImpl.dispatchEvent(EventDispatchChainImpl.java:114)
	at javafx.base@25.0.2/com.sun.javafx.event.BasicEventDispatcher.dispatchEvent(BasicEventDispatcher.java:56)
	at javafx.base@25.0.2/com.sun.javafx.event.EventDispatchChainImpl.dispatchEvent(EventDispatchChainImpl.java:114)
	at javafx.base@25.0.2/com.sun.javafx.event.BasicEventDispatcher.dispatchEvent(BasicEventDispatcher.java:56)
	at javafx.base@25.0.2/com.sun.javafx.event.EventDispatchChainImpl.dispatchEvent(EventDispatchChainImpl.java:114)
	at javafx.base@25.0.2/com.sun.javafx.event.EventUtil.fireEventImpl(EventUtil.java:74)
	at javafx.base@25.0.2/com.sun.javafx.event.EventUtil.fireEvent(EventUtil.java:54)
	at javafx.base@25.0.2/javafx.event.Event.fireEvent(Event.java:199)
	at javafx.graphics@25.0.2/javafx.scene.Scene$MouseHandler.process(Scene.java:4061)
	at javafx.graphics@25.0.2/javafx.scene.Scene.processMouseEvent(Scene.java:1947)
	at javafx.graphics@25.0.2/javafx.scene.Scene$ScenePeerListener.mouseEvent(Scene.java:2784)
	at javafx.graphics@25.0.2/com.sun.javafx.tk.quantum.GlassViewEventHandler$MouseEventNotification.get(GlassViewEventHandler.java:353)
	at javafx.graphics@25.0.2/com.sun.javafx.tk.quantum.GlassViewEventHandler$MouseEventNotification.get(GlassViewEventHandler.java:255)
	at javafx.graphics@25.0.2/com.sun.javafx.tk.quantum.QuantumToolkit.runWithoutRenderLock(QuantumToolkit.java:424)
	at javafx.graphics@25.0.2/com.sun.javafx.tk.quantum.GlassViewEventHandler.handleMouseEvent(GlassViewEventHandler.java:387)
	at javafx.graphics@25.0.2/com.sun.glass.ui.View.handleMouseEvent(View.java:573)
	at javafx.graphics@25.0.2/com.sun.glass.ui.View.notifyMouse(View.java:975)
	at javafx.graphics@25.0.2/com.sun.glass.ui.win.WinApplication._runLoop(Native Method)
	at javafx.graphics@25.0.2/com.sun.glass.ui.win.WinApplication.lambda$runLoop$0(WinApplication.java:173)
	at java.base/java.lang.Thread.run(Thread.java:1474)

apr 27, 2026 6:03:07 PM util.LogManager info
INFO: Utente reindirizzato alla ricerca PT dalla schermata di errore.
apr 27, 2026 6:05:01 PM util.LogManager error
SEVERE: Impossibile aprire il popup di ricerca PT
javafx.fxml.LoadException: No controller specified.
/Z:/Universit%c3%a0/ISPW/Progetto%20ISPW/out/production/Progetto%20ISPW/view/ClienteRicercaPT.fxml:32

	at javafx.fxml@25.0.2/javafx.fxml.FXMLLoader.constructLoadException(FXMLLoader.java:2688)
	at javafx.fxml@25.0.2/javafx.fxml.FXMLLoader$Element.getControllerMethodHandle(FXMLLoader.java:557)
	at javafx.fxml@25.0.2/javafx.fxml.FXMLLoader$Element.processEventHandlerAttributes(FXMLLoader.java:599)
	at javafx.fxml@25.0.2/javafx.fxml.FXMLLoader$ValueElement.processEndElement(FXMLLoader.java:770)
	at javafx.fxml@25.0.2/javafx.fxml.FXMLLoader.processEndElement(FXMLLoader.java:2939)
	at javafx.fxml@25.0.2/javafx.fxml.FXMLLoader.loadImpl(FXMLLoader.java:2624)
	at javafx.fxml@25.0.2/javafx.fxml.FXMLLoader.loadImpl(FXMLLoader.java:2533)
	at javafx.fxml@25.0.2/javafx.fxml.FXMLLoader.load(FXMLLoader.java:2503)
	at view.ClienteDashboardBoundary.apriRicercaPT(ClienteDashboardBoundary.java:202)
	at java.base/jdk.internal.reflect.DirectMethodHandleAccessor.invoke(DirectMethodHandleAccessor.java:104)
	at java.base/java.lang.reflect.Method.invoke(Method.java:565)
	at com.sun.javafx.reflect.Trampoline.invoke(MethodUtil.java:65)
	at java.base/jdk.internal.reflect.DirectMethodHandleAccessor.invoke(DirectMethodHandleAccessor.java:104)
	at java.base/java.lang.reflect.Method.invoke(Method.java:565)
	at javafx.base@25.0.2/com.sun.javafx.reflect.MethodUtil.invoke(MethodUtil.java:112)
	at javafx.fxml@25.0.2/com.sun.javafx.fxml.MethodHelper.invoke(MethodHelper.java:78)
	at javafx.fxml@25.0.2/javafx.fxml.FXMLLoader$MethodHandler.invoke(FXMLLoader.java:1847)
	at javafx.fxml@25.0.2/javafx.fxml.FXMLLoader$ControllerMethodEventHandler.handle(FXMLLoader.java:1718)
	at javafx.base@25.0.2/com.sun.javafx.event.CompositeEventHandler.dispatchBubblingEvent(CompositeEventHandler.java:86)
	at javafx.base@25.0.2/com.sun.javafx.event.EventHandlerManager.dispatchBubblingEvent(EventHandlerManager.java:232)
	at javafx.base@25.0.2/com.sun.javafx.event.EventHandlerManager.dispatchBubblingEvent(EventHandlerManager.java:189)
	at javafx.base@25.0.2/com.sun.javafx.event.CompositeEventDispatcher.dispatchBubblingEvent(CompositeEventDispatcher.java:59)
	at javafx.base@25.0.2/com.sun.javafx.event.BasicEventDispatcher.dispatchEvent(BasicEventDispatcher.java:58)
	at javafx.base@25.0.2/com.sun.javafx.event.EventDispatchChainImpl.dispatchEvent(EventDispatchChainImpl.java:114)
	at javafx.base@25.0.2/com.sun.javafx.event.BasicEventDispatcher.dispatchEvent(BasicEventDispatcher.java:56)
	at javafx.base@25.0.2/com.sun.javafx.event.EventDispatchChainImpl.dispatchEvent(EventDispatchChainImpl.java:114)
	at javafx.base@25.0.2/com.sun.javafx.event.BasicEventDispatcher.dispatchEvent(BasicEventDispatcher.java:56)
	at javafx.base@25.0.2/com.sun.javafx.event.EventDispatchChainImpl.dispatchEvent(EventDispatchChainImpl.java:114)
	at javafx.base@25.0.2/com.sun.javafx.event.BasicEventDispatcher.dispatchEvent(BasicEventDispatcher.java:56)
	at javafx.base@25.0.2/com.sun.javafx.event.EventDispatchChainImpl.dispatchEvent(EventDispatchChainImpl.java:114)
	at javafx.base@25.0.2/com.sun.javafx.event.BasicEventDispatcher.dispatchEvent(BasicEventDispatcher.java:56)
	at javafx.base@25.0.2/com.sun.javafx.event.EventDispatchChainImpl.dispatchEvent(EventDispatchChainImpl.java:114)
	at javafx.base@25.0.2/com.sun.javafx.event.EventUtil.fireEventImpl(EventUtil.java:74)
	at javafx.base@25.0.2/com.sun.javafx.event.EventUtil.fireEvent(EventUtil.java:54)
	at javafx.base@25.0.2/javafx.event.Event.fireEvent(Event.java:199)
	at javafx.graphics@25.0.2/javafx.scene.Scene$ClickGenerator.postProcess(Scene.java:3765)
	at javafx.graphics@25.0.2/javafx.scene.Scene$MouseHandler.process(Scene.java:4070)
	at javafx.graphics@25.0.2/javafx.scene.Scene.processMouseEvent(Scene.java:1947)
	at javafx.graphics@25.0.2/javafx.scene.Scene$ScenePeerListener.mouseEvent(Scene.java:2784)
	at javafx.graphics@25.0.2/com.sun.javafx.tk.quantum.GlassViewEventHandler$MouseEventNotification.get(GlassViewEventHandler.java:353)
	at javafx.graphics@25.0.2/com.sun.javafx.tk.quantum.GlassViewEventHandler$MouseEventNotification.get(GlassViewEventHandler.java:255)
	at javafx.graphics@25.0.2/com.sun.javafx.tk.quantum.QuantumToolkit.runWithoutRenderLock(QuantumToolkit.java:424)
	at javafx.graphics@25.0.2/com.sun.javafx.tk.quantum.GlassViewEventHandler.handleMouseEvent(GlassViewEventHandler.java:387)
	at javafx.graphics@25.0.2/com.sun.glass.ui.View.handleMouseEvent(View.java:573)
	at javafx.graphics@25.0.2/com.sun.glass.ui.View.notifyMouse(View.java:975)
	at javafx.graphics@25.0.2/com.sun.glass.ui.win.WinApplication._runLoop(Native Method)
	at javafx.graphics@25.0.2/com.sun.glass.ui.win.WinApplication.lambda$runLoop$0(WinApplication.java:173)
	at java.base/java.lang.Thread.run(Thread.java:1474)

apr 27, 2026 6:05:04 PM util.LogManager error
SEVERE: ERRORE NAVIGATORE: Impossibile caricare /view/ClienteRicercaPT.fxml
javafx.fxml.LoadException: No controller specified.
/Z:/Universit%c3%a0/ISPW/Progetto%20ISPW/out/production/Progetto%20ISPW/view/ClienteRicercaPT.fxml:32

	at javafx.fxml@25.0.2/javafx.fxml.FXMLLoader.constructLoadException(FXMLLoader.java:2688)
	at javafx.fxml@25.0.2/javafx.fxml.FXMLLoader$Element.getControllerMethodHandle(FXMLLoader.java:557)
	at javafx.fxml@25.0.2/javafx.fxml.FXMLLoader$Element.processEventHandlerAttributes(FXMLLoader.java:599)
	at javafx.fxml@25.0.2/javafx.fxml.FXMLLoader$ValueElement.processEndElement(FXMLLoader.java:770)
	at javafx.fxml@25.0.2/javafx.fxml.FXMLLoader.processEndElement(FXMLLoader.java:2939)
	at javafx.fxml@25.0.2/javafx.fxml.FXMLLoader.loadImpl(FXMLLoader.java:2624)
	at javafx.fxml@25.0.2/javafx.fxml.FXMLLoader.loadImpl(FXMLLoader.java:2533)
	at javafx.fxml@25.0.2/javafx.fxml.FXMLLoader.load(FXMLLoader.java:2503)
	at view.Navigator.pushScene(Navigator.java:24)
	at view.NoPTBoundary.vaiAssociaPT(NoPTBoundary.java:62)
	at java.base/jdk.internal.reflect.DirectMethodHandleAccessor.invoke(DirectMethodHandleAccessor.java:104)
	at java.base/java.lang.reflect.Method.invoke(Method.java:565)
	at com.sun.javafx.reflect.Trampoline.invoke(MethodUtil.java:65)
	at java.base/jdk.internal.reflect.DirectMethodHandleAccessor.invoke(DirectMethodHandleAccessor.java:104)
	at java.base/java.lang.reflect.Method.invoke(Method.java:565)
	at javafx.base@25.0.2/com.sun.javafx.reflect.MethodUtil.invoke(MethodUtil.java:112)
	at javafx.fxml@25.0.2/com.sun.javafx.fxml.MethodHelper.invoke(MethodHelper.java:78)
	at javafx.fxml@25.0.2/javafx.fxml.FXMLLoader$MethodHandler.invoke(FXMLLoader.java:1845)
	at javafx.fxml@25.0.2/javafx.fxml.FXMLLoader$ControllerMethodEventHandler.handle(FXMLLoader.java:1718)
	at javafx.base@25.0.2/com.sun.javafx.event.CompositeEventHandler.dispatchBubblingEvent(CompositeEventHandler.java:86)
	at javafx.base@25.0.2/com.sun.javafx.event.EventHandlerManager.dispatchBubblingEvent(EventHandlerManager.java:232)
	at javafx.base@25.0.2/com.sun.javafx.event.EventHandlerManager.dispatchBubblingEvent(EventHandlerManager.java:189)
	at javafx.base@25.0.2/com.sun.javafx.event.CompositeEventDispatcher.dispatchBubblingEvent(CompositeEventDispatcher.java:59)
	at javafx.base@25.0.2/com.sun.javafx.event.BasicEventDispatcher.dispatchEvent(BasicEventDispatcher.java:58)
	at javafx.base@25.0.2/com.sun.javafx.event.EventDispatchChainImpl.dispatchEvent(EventDispatchChainImpl.java:114)
	at javafx.base@25.0.2/com.sun.javafx.event.BasicEventDispatcher.dispatchEvent(BasicEventDispatcher.java:56)
	at javafx.base@25.0.2/com.sun.javafx.event.EventDispatchChainImpl.dispatchEvent(EventDispatchChainImpl.java:114)
	at javafx.base@25.0.2/com.sun.javafx.event.BasicEventDispatcher.dispatchEvent(BasicEventDispatcher.java:56)
	at javafx.base@25.0.2/com.sun.javafx.event.EventDispatchChainImpl.dispatchEvent(EventDispatchChainImpl.java:114)
	at javafx.base@25.0.2/com.sun.javafx.event.EventUtil.fireEventImpl(EventUtil.java:74)
	at javafx.base@25.0.2/com.sun.javafx.event.EventUtil.fireEvent(EventUtil.java:49)
	at javafx.base@25.0.2/javafx.event.Event.fireEvent(Event.java:199)
	at javafx.graphics@25.0.2/javafx.scene.Node.fireEvent(Node.java:9067)
	at javafx.controls@25.0.2/javafx.scene.control.Button.fire(Button.java:203)
	at javafx.controls@25.0.2/com.sun.javafx.scene.control.behavior.ButtonBehavior.mouseReleased(ButtonBehavior.java:207)
	at javafx.controls@25.0.2/com.sun.javafx.scene.control.inputmap.InputMap.handle(InputMap.java:274)
	at javafx.base@25.0.2/com.sun.javafx.event.CompositeEventHandler$NormalEventHandlerRecord.handleBubblingEvent(CompositeEventHandler.java:247)
	at javafx.base@25.0.2/com.sun.javafx.event.CompositeEventHandler.dispatchBubblingEvent(CompositeEventHandler.java:80)
	at javafx.base@25.0.2/com.sun.javafx.event.EventHandlerManager.dispatchBubblingEvent(EventHandlerManager.java:232)
	at javafx.base@25.0.2/com.sun.javafx.event.EventHandlerManager.dispatchBubblingEvent(EventHandlerManager.java:189)
	at javafx.base@25.0.2/com.sun.javafx.event.CompositeEventDispatcher.dispatchBubblingEvent(CompositeEventDispatcher.java:59)
	at javafx.base@25.0.2/com.sun.javafx.event.BasicEventDispatcher.dispatchEvent(BasicEventDispatcher.java:58)
	at javafx.base@25.0.2/com.sun.javafx.event.EventDispatchChainImpl.dispatchEvent(EventDispatchChainImpl.java:114)
	at javafx.base@25.0.2/com.sun.javafx.event.BasicEventDispatcher.dispatchEvent(BasicEventDispatcher.java:56)
	at javafx.base@25.0.2/com.sun.javafx.event.EventDispatchChainImpl.dispatchEvent(EventDispatchChainImpl.java:114)
	at javafx.base@25.0.2/com.sun.javafx.event.BasicEventDispatcher.dispatchEvent(BasicEventDispatcher.java:56)
	at javafx.base@25.0.2/com.sun.javafx.event.EventDispatchChainImpl.dispatchEvent(EventDispatchChainImpl.java:114)
	at javafx.base@25.0.2/com.sun.javafx.event.EventUtil.fireEventImpl(EventUtil.java:74)
	at javafx.base@25.0.2/com.sun.javafx.event.EventUtil.fireEvent(EventUtil.java:54)
	at javafx.base@25.0.2/javafx.event.Event.fireEvent(Event.java:199)
	at javafx.graphics@25.0.2/javafx.scene.Scene$MouseHandler.process(Scene.java:4061)
	at javafx.graphics@25.0.2/javafx.scene.Scene.processMouseEvent(Scene.java:1947)
	at javafx.graphics@25.0.2/javafx.scene.Scene$ScenePeerListener.mouseEvent(Scene.java:2784)
	at javafx.graphics@25.0.2/com.sun.javafx.tk.quantum.GlassViewEventHandler$MouseEventNotification.get(GlassViewEventHandler.java:353)
	at javafx.graphics@25.0.2/com.sun.javafx.tk.quantum.GlassViewEventHandler$MouseEventNotification.get(GlassViewEventHandler.java:255)
	at javafx.graphics@25.0.2/com.sun.javafx.tk.quantum.QuantumToolkit.runWithoutRenderLock(QuantumToolkit.java:424)
	at javafx.graphics@25.0.2/com.sun.javafx.tk.quantum.GlassViewEventHandler.handleMouseEvent(GlassViewEventHandler.java:387)
	at javafx.graphics@25.0.2/com.sun.glass.ui.View.handleMouseEvent(View.java:573)
	at javafx.graphics@25.0.2/com.sun.glass.ui.View.notifyMouse(View.java:975)
	at javafx.graphics@25.0.2/com.sun.glass.ui.win.WinApplication._runLoop(Native Method)
	at javafx.graphics@25.0.2/com.sun.glass.ui.win.WinApplication.lambda$runLoop$0(WinApplication.java:173)
	at java.base/java.lang.Thread.run(Thread.java:1474)

apr 27, 2026 6:05:04 PM util.LogManager info
INFO: Utente reindirizzato alla ricerca PT dalla schermata di errore.
apr 27, 2026 6:05:54 PM util.LogManager info
INFO: Popup Ricerca PT aperto correttamente.
apr 27, 2026 6:05:59 PM util.LogManager warn
WARNING: Nessun Personal Trainer trovato per: Valerio
apr 27, 2026 6:06:17 PM util.LogManager warn
WARNING: Nessun Personal Trainer trovato per: PT-VS-2831620
apr 27, 2026 6:06:24 PM util.LogManager warn
WARNING: Nessun Personal Trainer trovato per: PT-VS-2831620
apr 27, 2026 6:06:33 PM util.LogManager info
INFO: Utente reindirizzato alla ricerca PT dalla schermata di errore.
apr 27, 2026 6:17:24 PM util.LogManager info
INFO: Popup Ricerca PT aperto correttamente.
apr 27, 2026 6:17:28 PM util.LogManager info
INFO: Ricerca completata per: Valerio
apr 27, 2026 6:17:34 PM util.LogManager info
INFO: Richiesta inviata a: PT-VS-2741817
apr 27, 2026 6:17:34 PM util.LogManager info
INFO: Associazione completata: Cliente [Federico@gmail.com] collegato a PT [Valerio@gmail.com]
apr 27, 2026 6:17:40 PM util.LogManager info
INFO: Richiesta inviata a: PT-VR-2741817
apr 27, 2026 6:17:40 PM util.LogManager info
INFO: Associazione completata: Cliente [Federico@gmail.com] collegato a PT [ValerioR@gmail.com]
apr 28, 2026 1:44:05 PM util.LogManager info
INFO: Login effettuato con successo per: Federico@gmail.com
apr 28, 2026 1:44:29 PM util.LogManager info
INFO: Ricerca completata per: Valerio
apr 28, 2026 1:44:33 PM util.LogManager info
INFO: Richiesta inviata a: PT-VR-2841344
apr 28, 2026 1:44:33 PM util.LogManager info
INFO: Associazione completata: Cliente [Federico@gmail.com] collegato a PT [ValerioR@gmail.com]
apr 28, 2026 1:44:37 PM util.LogManager info
INFO: Richiesta inviata a: PT-VS-2841344
apr 28, 2026 1:44:37 PM util.LogManager info
INFO: Associazione completata: Cliente [Federico@gmail.com] collegato a PT [Valerio@gmail.com]
apr 28, 2026 1:44:56 PM util.LogManager info
INFO: Login effettuato con successo per: Federico@gmail.com
apr 28, 2026 1:45:00 PM util.LogManager info
INFO: Popup Ricerca PT aperto correttamente.
apr 28, 2026 1:45:03 PM util.LogManager info
INFO: Popup Ricerca PT aperto correttamente.
apr 28, 2026 1:45:21 PM util.LogManager info
INFO: Popup Ricerca PT aperto correttamente.
apr 28, 2026 1:45:27 PM util.LogManager info
INFO: Ricerca completata per: VALERIO
apr 28, 2026 1:45:34 PM util.LogManager info
INFO: Ricerca completata per: VAlerio
apr 28, 2026 1:45:35 PM util.LogManager info
INFO: Ricerca completata per: VAlerio
apr 28, 2026 1:45:40 PM util.LogManager info
INFO: Richiesta inviata a: PT-VR-2841345
apr 28, 2026 1:45:40 PM util.LogManager info
INFO: Associazione completata: Cliente [Federico@gmail.com] collegato a PT [ValerioR@gmail.com]
